/home/furrutia/curry/src/cmds
Tue Jan 20 12:05:26 AM -03 2026
scylla
Starting experiment 4
Training with args: Namespace(seed=42, batch_size_train=16, num_epochs=100, learning_rate=0.0001, max_num_levels=16384, train_fraction=0.9, difficulty='unfiltered', split='train', order_by='shortest_first', solution_length_min=-1, solution_length_max=1000, num_think_steps=1, num_supervision_steps_train=1, num_supervision_steps_eval=10, memory_size=2, where_to_save='s3://rl6-reinforcement-learning-01', output_dir='behavioral-cloning/exp_42', metrics_save_epoch_rate=5, verbose=1, device='cuda')
Experiment args saved to s3://rl6-reinforcement-learning-01/behavioral-cloning/exp_42/20260120_000530_09bb2d2f/args.json
         boxes       sol_len         walls
count  16384.0  16384.000000  16384.000000
mean       4.0     11.297791     78.059204
std        0.0      1.942626      5.849183
min        4.0      4.000000     53.000000
25%        4.0     10.000000     74.000000
50%        4.0     12.000000     79.000000
75%        4.0     13.000000     83.000000
max        4.0     14.000000     89.000000
Not solved stats: {'player hit wall': 1}
Total levels: 16384, Train levels: 14745, Eval levels: 1639
Using GPU for training
Model size: 12.20 Million parameters
Training with args: Namespace(seed=42, batch_size_train=16, num_epochs=100, learning_rate=0.0001, max_num_levels=16384, train_fraction=0.9, difficulty='unfiltered', split='train', order_by='shortest_first', solution_length_min=-1, solution_length_max=1000, num_think_steps=1, num_supervision_steps_train=2, num_supervision_steps_eval=10, memory_size=2, where_to_save='s3://rl6-reinforcement-learning-01', output_dir='behavioral-cloning/exp_43', metrics_save_epoch_rate=5, verbose=1, device='cuda')
Experiment args saved to s3://rl6-reinforcement-learning-01/behavioral-cloning/exp_43/20260120_000530_627292c4/args.json
         boxes       sol_len         walls
count  16384.0  16384.000000  16384.000000
mean       4.0     11.297791     78.059204
std        0.0      1.942626      5.849183
min        4.0      4.000000     53.000000
25%        4.0     10.000000     74.000000
50%        4.0     12.000000     79.000000
75%        4.0     13.000000     83.000000
max        4.0     14.000000     89.000000
Not solved stats: {'player hit wall': 1}
Total levels: 16384, Train levels: 14745, Eval levels: 1639
Using GPU for training
Model size: 12.20 Million parameters
Training with args: Namespace(seed=42, batch_size_train=16, num_epochs=100, learning_rate=0.0001, max_num_levels=16384, train_fraction=0.9, difficulty='unfiltered', split='train', order_by='shortest_first', solution_length_min=-1, solution_length_max=1000, num_think_steps=1, num_supervision_steps_train=1, num_supervision_steps_eval=10, memory_size=8, where_to_save='s3://rl6-reinforcement-learning-01', output_dir='behavioral-cloning/exp_40', metrics_save_epoch_rate=5, verbose=1, device='cuda')
Experiment args saved to s3://rl6-reinforcement-learning-01/behavioral-cloning/exp_40/20260120_000530_c0e0bab7/args.json
         boxes       sol_len         walls
count  16384.0  16384.000000  16384.000000
mean       4.0     11.297791     78.059204
std        0.0      1.942626      5.849183
min        4.0      4.000000     53.000000
25%        4.0     10.000000     74.000000
50%        4.0     12.000000     79.000000
75%        4.0     13.000000     83.000000
max        4.0     14.000000     89.000000
Not solved stats: {'player hit wall': 1}
Total levels: 16384, Train levels: 14745, Eval levels: 1639
Using GPU for training
Model size: 12.20 Million parameters
Training with args: Namespace(seed=42, batch_size_train=16, num_epochs=100, learning_rate=0.0001, max_num_levels=16384, train_fraction=0.9, difficulty='unfiltered', split='train', order_by='shortest_first', solution_length_min=-1, solution_length_max=1000, num_think_steps=1, num_supervision_steps_train=2, num_supervision_steps_eval=10, memory_size=8, where_to_save='s3://rl6-reinforcement-learning-01', output_dir='behavioral-cloning/exp_41', metrics_save_epoch_rate=5, verbose=1, device='cuda')
Experiment args saved to s3://rl6-reinforcement-learning-01/behavioral-cloning/exp_41/20260120_000530_2227ae53/args.json
         boxes       sol_len         walls
count  16384.0  16384.000000  16384.000000
mean       4.0     11.297791     78.059204
std        0.0      1.942626      5.849183
min        4.0      4.000000     53.000000
25%        4.0     10.000000     74.000000
50%        4.0     12.000000     79.000000
75%        4.0     13.000000     83.000000
max        4.0     14.000000     89.000000
Not solved stats: {'player hit wall': 1}
Total levels: 16384, Train levels: 14745, Eval levels: 1639
Using GPU for training
Model size: 12.20 Million parameters
Metrics saved to s3://rl6-reinforcement-learning-01/behavioral-cloning/exp_42/20260120_000530_09bb2d2f/metrics.json
Metrics saved to s3://rl6-reinforcement-learning-01/behavioral-cloning/exp_42/20260120_000530_09bb2d2f/metrics.json
Metrics saved to s3://rl6-reinforcement-learning-01/behavioral-cloning/exp_42/20260120_000530_09bb2d2f/metrics.json
Metrics saved to s3://rl6-reinforcement-learning-01/behavioral-cloning/exp_42/20260120_000530_09bb2d2f/metrics.json
Metrics saved to s3://rl6-reinforcement-learning-01/behavioral-cloning/exp_42/20260120_000530_09bb2d2f/metrics.json
Metrics saved to s3://rl6-reinforcement-learning-01/behavioral-cloning/exp_42/20260120_000530_09bb2d2f/metrics.json
Metrics saved to s3://rl6-reinforcement-learning-01/behavioral-cloning/exp_42/20260120_000530_09bb2d2f/metrics.json
Metrics saved to s3://rl6-reinforcement-learning-01/behavioral-cloning/exp_42/20260120_000530_09bb2d2f/metrics.json
Metrics saved to s3://rl6-reinforcement-learning-01/behavioral-cloning/exp_42/20260120_000530_09bb2d2f/metrics.json
Metrics saved to s3://rl6-reinforcement-learning-01/behavioral-cloning/exp_42/20260120_000530_09bb2d2f/metrics.json
Metrics saved to s3://rl6-reinforcement-learning-01/behavioral-cloning/exp_42/20260120_000530_09bb2d2f/metrics.json
Metrics saved to s3://rl6-reinforcement-learning-01/behavioral-cloning/exp_42/20260120_000530_09bb2d2f/metrics.json
Metrics saved to s3://rl6-reinforcement-learning-01/behavioral-cloning/exp_42/20260120_000530_09bb2d2f/metrics.json
Metrics saved to s3://rl6-reinforcement-learning-01/behavioral-cloning/exp_42/20260120_000530_09bb2d2f/metrics.json
Metrics saved to s3://rl6-reinforcement-learning-01/behavioral-cloning/exp_42/20260120_000530_09bb2d2f/metrics.json
Metrics saved to s3://rl6-reinforcement-learning-01/behavioral-cloning/exp_42/20260120_000530_09bb2d2f/metrics.json
Metrics saved to s3://rl6-reinforcement-learning-01/behavioral-cloning/exp_42/20260120_000530_09bb2d2f/metrics.json
Metrics saved to s3://rl6-reinforcement-learning-01/behavioral-cloning/exp_42/20260120_000530_09bb2d2f/metrics.json
Metrics saved to s3://rl6-reinforcement-learning-01/behavioral-cloning/exp_42/20260120_000530_09bb2d2f/metrics.json
Metrics saved to s3://rl6-reinforcement-learning-01/behavioral-cloning/exp_42/20260120_000530_09bb2d2f/metrics.json
Metrics saved to s3://rl6-reinforcement-learning-01/behavioral-cloning/exp_43/20260120_000530_627292c4/metrics.json
Metrics saved to s3://rl6-reinforcement-learning-01/behavioral-cloning/exp_43/20260120_000530_627292c4/metrics.json
Metrics saved to s3://rl6-reinforcement-learning-01/behavioral-cloning/exp_43/20260120_000530_627292c4/metrics.json
Metrics saved to s3://rl6-reinforcement-learning-01/behavioral-cloning/exp_43/20260120_000530_627292c4/metrics.json
Metrics saved to s3://rl6-reinforcement-learning-01/behavioral-cloning/exp_43/20260120_000530_627292c4/metrics.json
Metrics saved to s3://rl6-reinforcement-learning-01/behavioral-cloning/exp_43/20260120_000530_627292c4/metrics.json
Metrics saved to s3://rl6-reinforcement-learning-01/behavioral-cloning/exp_43/20260120_000530_627292c4/metrics.json
Metrics saved to s3://rl6-reinforcement-learning-01/behavioral-cloning/exp_43/20260120_000530_627292c4/metrics.json
Metrics saved to s3://rl6-reinforcement-learning-01/behavioral-cloning/exp_43/20260120_000530_627292c4/metrics.json
Metrics saved to s3://rl6-reinforcement-learning-01/behavioral-cloning/exp_43/20260120_000530_627292c4/metrics.json
Metrics saved to s3://rl6-reinforcement-learning-01/behavioral-cloning/exp_43/20260120_000530_627292c4/metrics.json
Metrics saved to s3://rl6-reinforcement-learning-01/behavioral-cloning/exp_43/20260120_000530_627292c4/metrics.json
Metrics saved to s3://rl6-reinforcement-learning-01/behavioral-cloning/exp_43/20260120_000530_627292c4/metrics.json
Metrics saved to s3://rl6-reinforcement-learning-01/behavioral-cloning/exp_43/20260120_000530_627292c4/metrics.json
Metrics saved to s3://rl6-reinforcement-learning-01/behavioral-cloning/exp_43/20260120_000530_627292c4/metrics.json
Metrics saved to s3://rl6-reinforcement-learning-01/behavioral-cloning/exp_43/20260120_000530_627292c4/metrics.json
Metrics saved to s3://rl6-reinforcement-learning-01/behavioral-cloning/exp_43/20260120_000530_627292c4/metrics.json
Metrics saved to s3://rl6-reinforcement-learning-01/behavioral-cloning/exp_43/20260120_000530_627292c4/metrics.json
Metrics saved to s3://rl6-reinforcement-learning-01/behavioral-cloning/exp_43/20260120_000530_627292c4/metrics.json
Metrics saved to s3://rl6-reinforcement-learning-01/behavioral-cloning/exp_43/20260120_000530_627292c4/metrics.json
Tue Jan 20 08:18:19 AM -03 2026
Experiment 4 completed
