/home/furrutia/curry/src/cmds
Fri Jan 16 05:15:15 PM -03 2026
scylla
Starting experiment 2
Training with args: Namespace(seed=42, batch_size_train=16, num_epochs=100, learning_rate=0.0001, max_num_levels=16384, train_fraction=0.9, difficulty='unfiltered', subset_name='train', num_think_steps=2, filter_by='shortest_first', num_supervision_steps=2, where_to_save='s3://rl6-reinforcement-learning-01', output_dir='behavioral-cloning/exp_21', metrics_save_epoch_rate=10, verbose=1)
Experiment args saved to s3://rl6-reinforcement-learning-01/behavioral-cloning/exp_21/20260116_171518_62e0ee07/args.json
Training with args: Namespace(seed=42, batch_size_train=16, num_epochs=100, learning_rate=0.0001, max_num_levels=16384, train_fraction=0.9, difficulty='unfiltered', subset_name='train', num_think_steps=2, filter_by='shortest_first', num_supervision_steps=3, where_to_save='s3://rl6-reinforcement-learning-01', output_dir='behavioral-cloning/exp_22', metrics_save_epoch_rate=10, verbose=1)
Experiment args saved to s3://rl6-reinforcement-learning-01/behavioral-cloning/exp_22/20260116_171518_23e169c1/args.json
Training with args: Namespace(seed=42, batch_size_train=16, num_epochs=100, learning_rate=0.0001, max_num_levels=16384, train_fraction=0.9, difficulty='unfiltered', subset_name='train', num_think_steps=2, filter_by='shortest_first', num_supervision_steps=1, where_to_save='s3://rl6-reinforcement-learning-01', output_dir='behavioral-cloning/exp_20', metrics_save_epoch_rate=10, verbose=1)
Experiment args saved to s3://rl6-reinforcement-learning-01/behavioral-cloning/exp_20/20260116_171518_ba080b55/args.json
Total levels: 16384, Train levels: 14745, Eval levels: 1639
Using GPU for training
Total levels: 16384, Train levels: 14745, Eval levels: 1639
Using GPU for training
Total levels: 16384, Train levels: 14745, Eval levels: 1639
Using GPU for training
Metrics saved to s3://rl6-reinforcement-learning-01/behavioral-cloning/exp_20/20260116_171518_ba080b55/metrics.json
Metrics saved to s3://rl6-reinforcement-learning-01/behavioral-cloning/exp_21/20260116_171518_62e0ee07/metrics.json
Metrics saved to s3://rl6-reinforcement-learning-01/behavioral-cloning/exp_22/20260116_171518_23e169c1/metrics.json
Fri Jan 16 05:42:00 PM -03 2026
Experiment 2 completed
